******************************************************************************
                  TI ARM Linker PC v20.2.7                     
******************************************************************************
>> Linked Fri May 12 21:21:47 2023

OUTPUT FILE NAME:   <laboratorio08.out>
ENTRY POINT SYMBOL: "_c_int00_noinit_noargs"  address: 00000835


MEMORY CONFIGURATION

         name            origin    length      used     unused   attr    fill
----------------------  --------  ---------  --------  --------  ----  --------
  FLASH                 00000000   00040000  00000a28  0003f5d8  R  X
  SRAM                  20000000   00008000  00000200  00007e00  RW X


SEGMENT ALLOCATION MAP

run origin  load origin   length   init length attrs members
----------  ----------- ---------- ----------- ----- -------
00000000    00000000    00000a28   00000a28    r-x
  00000000    00000000    0000026c   0000026c    r-- .intvecs
  0000026c    0000026c    000006c0   000006c0    r-x .text
  0000092c    0000092c    000000fc   000000fc    r-- .const
20000000    20000000    00000200   00000000    rw-
  20000000    20000000    00000200   00000000    rw- .stack


SECTION ALLOCATION MAP

 output                                  attributes/
section   page    origin      length       input sections
--------  ----  ----------  ----------   ----------------
.intvecs   0    00000000    0000026c     
                  00000000    0000026c     tm4c123gh6pm_startup_ccs.obj (.intvecs)

.text      0    0000026c    000006c0     
                  0000026c    00000150     main.obj (.text)
                  000003bc    00000132     driverlib.lib : gpio.obj (.text:GPIOPadConfigSet)
                  000004ee    00000002     --HOLE-- [fill = 0]
                  000004f0    00000110                   : sysctl.obj (.text:SysCtlClockGet)
                  00000600    000000f4                   : sysctl.obj (.text:SysCtlClockSet)
                  000006f4    0000007a     rtsv7M4_T_le_v4SPD16_eabi.lib : memset_t2.asm.obj (.text)
                  0000076e    00000002     --HOLE-- [fill = 0]
                  00000770    00000048     driverlib.lib : gpio.obj (.text:GPIOPinConfigure)
                  000007b8    00000046                   : uart.obj (.text:UARTConfigSetExpClk)
                  000007fe    00000002     --HOLE-- [fill = 0]
                  00000800    00000034                   : sysctl.obj (.text:SysCtlPeripheralEnable)
                  00000834    0000002c     rtsv7M4_T_le_v4SPD16_eabi.lib : boot_cortex_m.c.obj (.text:_c_int00_noinit_noargs:_c_int00_noinit_noargs)
                  00000860    0000002a     driverlib.lib : gpio.obj (.text:GPIODirModeSet)
                  0000088a    00000002     --HOLE-- [fill = 0]
                  0000088c    00000020                   : uart.obj (.text:UARTDisable)
                  000008ac    00000018                   : gpio.obj (.text:GPIOPinTypeGPIOOutput)
                  000008c4    00000014                   : uart.obj (.text:UARTEnable)
                  000008d8    00000012                   : gpio.obj (.text:GPIOPinTypeGPIOInput)
                  000008ea    00000012                   : gpio.obj (.text:GPIOPinTypeUART)
                  000008fc    0000000c     tm4c123gh6pm_startup_ccs.obj (.text)
                  00000908    0000000a     driverlib.lib : uart.obj (.text:UARTCharPut)
                  00000912    00000006                   : gpio.obj (.text:GPIOPinRead)
                  00000918    00000006                   : gpio.obj (.text:GPIOPinWrite)
                  0000091e    00000006                   : sysctl.obj (.text:SysCtlDelay)
                  00000924    00000004     rtsv7M4_T_le_v4SPD16_eabi.lib : pre_init.c.obj (.text:_system_pre_init)
                  00000928    00000004                                   : exit.c.obj (.text:abort:abort)

.const     0    0000092c    000000fc     
                  0000092c    00000090     driverlib.lib : gpio.obj (.const:g_pui32GPIOBaseAddrs)
                  000009bc    0000006c                   : sysctl.obj (.const:g_pui32Xtals)

.cinit     0    00000000    00000000     UNINITIALIZED

.init_array 
*          0    00000000    00000000     UNINITIALIZED

.stack     0    20000000    00000200     UNINITIALIZED
                  20000000    00000004     rtsv7M4_T_le_v4SPD16_eabi.lib : boot_cortex_m.c.obj (.stack)
                  20000004    000001fc     --HOLE--

__llvm_prf_cnts 
*          0    20000000    00000000     UNINITIALIZED

MODULE SUMMARY

       Module                         code   ro data   rw data
       ------                         ----   -------   -------
    .\
       tm4c123gh6pm_startup_ccs.obj   12     620       0      
       main.obj                       336    0         0      
    +--+------------------------------+------+---------+---------+
       Total:                         348    620       0      
                                                              
    C:/Users/gaban/OneDrive/Documentos/programas/Tivaware/driverlib/ccs/Debug/driverlib.lib
       sysctl.obj                     574    108       0      
       gpio.obj                       492    144       0      
       uart.obj                       132    0         0      
    +--+------------------------------+------+---------+---------+
       Total:                         1198   252       0      
                                                              
    C:\Users\gaban\OneDrive\Documentos\programas\Tivaware\ccs\tools\compiler\ti-cgt-arm_20.2.7.LTS\lib\rtsv7M4_T_le_v4SPD16_eabi.lib
       memset_t2.asm.obj              122    0         0      
       boot_cortex_m.c.obj            44     0         0      
       exit.c.obj                     4      0         0      
       pre_init.c.obj                 4      0         0      
    +--+------------------------------+------+---------+---------+
       Total:                         174    0         0      
                                                              
       Stack:                         0      0         512    
    +--+------------------------------+------+---------+---------+
       Grand Total:                   1720   872       512    


GLOBAL SYMBOLS: SORTED ALPHABETICALLY BY Name 

address   name                   
-------   ----                   
00000929  C$$EXIT                
00000861  GPIODirModeSet         
000003bd  GPIOPadConfigSet       
00000771  GPIOPinConfigure       
00000913  GPIOPinRead            
000008d9  GPIOPinTypeGPIOInput   
000008ad  GPIOPinTypeGPIOOutput  
000008eb  GPIOPinTypeUART        
00000919  GPIOPinWrite           
000008fd  ResetISR               
000004f1  SysCtlClockGet         
00000601  SysCtlClockSet         
0000091f  SysCtlDelay            
00000801  SysCtlPeripheralEnable 
00000909  UARTCharPut            
000007b9  UARTConfigSetExpClk    
0000088d  UARTDisable            
000008c5  UARTEnable             
20000200  __STACK_END            
00000200  __STACK_SIZE           
20000200  __STACK_TOP            
ffffffff  __TI_pprof_out_hndl    
ffffffff  __TI_prof_data_size    
ffffffff  __TI_prof_data_start   
00000000  __TI_static_base__     
000006f5  __aeabi_memclr         
000006f5  __aeabi_memclr4        
000006f5  __aeabi_memclr8        
000006f7  __aeabi_memset         
000006f7  __aeabi_memset4        
000006f7  __aeabi_memset8        
ffffffff  __binit__              
ffffffff  __c_args__             
UNDEFED   __mpu_init             
20000000  __stack                
20000000  __start___llvm_prf_cnts
20000000  __stop___llvm_prf_cnts 
00000835  _c_int00_noinit_noargs 
00000925  _system_pre_init       
00000929  abort                  
ffffffff  binit                  
00000000  g_pfnVectors           
0000026d  main                   
000006fd  memset                 


GLOBAL SYMBOLS: SORTED BY Symbol Address 

address   name                   
-------   ----                   
00000000  __TI_static_base__     
00000000  g_pfnVectors           
00000200  __STACK_SIZE           
0000026d  main                   
000003bd  GPIOPadConfigSet       
000004f1  SysCtlClockGet         
00000601  SysCtlClockSet         
000006f5  __aeabi_memclr         
000006f5  __aeabi_memclr4        
000006f5  __aeabi_memclr8        
000006f7  __aeabi_memset         
000006f7  __aeabi_memset4        
000006f7  __aeabi_memset8        
000006fd  memset                 
00000771  GPIOPinConfigure       
000007b9  UARTConfigSetExpClk    
00000801  SysCtlPeripheralEnable 
00000835  _c_int00_noinit_noargs 
00000861  GPIODirModeSet         
0000088d  UARTDisable            
000008ad  GPIOPinTypeGPIOOutput  
000008c5  UARTEnable             
000008d9  GPIOPinTypeGPIOInput   
000008eb  GPIOPinTypeUART        
000008fd  ResetISR               
00000909  UARTCharPut            
00000913  GPIOPinRead            
00000919  GPIOPinWrite           
0000091f  SysCtlDelay            
00000925  _system_pre_init       
00000929  C$$EXIT                
00000929  abort                  
20000000  __stack                
20000000  __start___llvm_prf_cnts
20000000  __stop___llvm_prf_cnts 
20000200  __STACK_END            
20000200  __STACK_TOP            
ffffffff  __TI_pprof_out_hndl    
ffffffff  __TI_prof_data_size    
ffffffff  __TI_prof_data_start   
ffffffff  __binit__              
ffffffff  __c_args__             
ffffffff  binit                  
UNDEFED   __mpu_init             

[44 symbols]
